
> @lms-saas/client@0.1.0 test
> react-scripts test --watchAll=false

node.exe : PASS src/tests/MyAttendancePage.test.tsx
At line:1 char:1
+ & "C:\Program Files\nodejs/node.exe" "C:\Program Files\nodejs/node_mo ...
+ ~~~~~~~~~~~~~~~~~~~~~~~~~~~~~~~~~~~~~~~~~~~~~~~~~~~~~~~~~~~~~~~~~~~~~
    + CategoryInfo          : NotSpecified: (PASS src/tests/MyAttendancePage.t 
   est.tsx:String) [], RemoteException
    + FullyQualifiedErrorId : NativeCommandError
 
  ÔùÅ Console

    console.warn
      ÔÜá´©Å React Router Future Flag Warning: React Router will begin 
wrapping state updates in `React.startTransition` in v7. You can use the 
`v7_startTransition` future flag to opt-in early. For more information, see 
https://reactrouter.com/v6/upgrading/future#v7_starttransition.

    [0m [90m 40 |[39m
     [90m 41 |[39m   it([32m'renders without crashing'[39m[33m,[39m () 
[33m=>[39m {
    [31m[1m>[22m[39m[90m 42 |[39m     [36mconst[39m { container } 
[33m=[39m render(
     [90m    |[39m                                 [31m[1m^[22m[39m
     [90m 43 |[39m       [33m<[39m[33mBrowserRouter[39m[33m>[39m
     [90m 44 |[39m         [33m<[39m[33mMyAttendancePage[39m 
[33m/[39m[33m>[39m
     [90m 45 |[39m       
[33m<[39m[33m/[39m[33mBrowserRouter[39m[33m>[39m[0m

      at warnOnce (node_modules/react-router/lib/deprecations.ts:9:13)
      at logDeprecation (node_modules/react-router/lib/deprecations.ts:14:3)
      at Object.logV6DeprecationWarnings [as UNSAFE_logV6DeprecationWarnings] 
(node_modules/react-router/lib/deprecations.ts:26:5)
      at node_modules/react-router-dom/index.tsx:816:25
      at commitHookEffectListMount 
(node_modules/react-dom/cjs/react-dom.development.js:23189:26)
      at commitPassiveMountOnFiber 
(node_modules/react-dom/cjs/react-dom.development.js:24970:11)
      at commitPassiveMountEffects_complete 
(node_modules/react-dom/cjs/react-dom.development.js:24930:9)
      at commitPassiveMountEffects_begin 
(node_modules/react-dom/cjs/react-dom.development.js:24917:7)
      at commitPassiveMountEffects 
(node_modules/react-dom/cjs/react-dom.development.js:24905:3)
      at flushPassiveEffectsImpl 
(node_modules/react-dom/cjs/react-dom.development.js:27078:3)
      at flushPassiveEffects 
(node_modules/react-dom/cjs/react-dom.development.js:27023:14)
      at node_modules/react-dom/cjs/react-dom.development.js:26808:9
      at flushActQueue (node_modules/react/cjs/react.development.js:2667:24)
      at act (node_modules/react/cjs/react.development.js:2582:11)
      at actWithWarning 
(node_modules/react-dom/cjs/react-dom-test-utils.development.js:1740:10)
      at node_modules/@testing-library/react/dist/act-compat.js:63:25
      at renderRoot (node_modules/@testing-library/react/dist/pure.js:159:26)
      at render (node_modules/@testing-library/react/dist/pure.js:246:10)
      at Object.<anonymous> (src/tests/MyAttendancePage.test.tsx:42:33)

    console.warn
      ÔÜá´©Å React Router Future Flag Warning: Relative route resolution 
within Splat routes is changing in v7. You can use the `v7_relativeSplatPath` 
future flag to opt-in early. For more information, see 
https://reactrouter.com/v6/upgrading/future#v7_relativesplatpath.

    [0m [90m 40 |[39m
     [90m 41 |[39m   it([32m'renders without crashing'[39m[33m,[39m () 
[33m=>[39m {
    [31m[1m>[22m[39m[90m 42 |[39m     [36mconst[39m { container } 
[33m=[39m render(
     [90m    |[39m                                 [31m[1m^[22m[39m
     [90m 43 |[39m       [33m<[39m[33mBrowserRouter[39m[33m>[39m
     [90m 44 |[39m         [33m<[39m[33mMyAttendancePage[39m 
[33m/[39m[33m>[39m
     [90m 45 |[39m       
[33m<[39m[33m/[39m[33mBrowserRouter[39m[33m>[39m[0m

      at warnOnce (node_modules/react-router/lib/deprecations.ts:9:13)
      at logDeprecation (node_modules/react-router/lib/deprecations.ts:14:3)
      at Object.logV6DeprecationWarnings [as UNSAFE_logV6DeprecationWarnings] 
(node_modules/react-router/lib/deprecations.ts:37:5)
      at node_modules/react-router-dom/index.tsx:816:25
      at commitHookEffectListMount 
(node_modules/react-dom/cjs/react-dom.development.js:23189:26)
      at commitPassiveMountOnFiber 
(node_modules/react-dom/cjs/react-dom.development.js:24970:11)
      at commitPassiveMountEffects_complete 
(node_modules/react-dom/cjs/react-dom.development.js:24930:9)
      at commitPassiveMountEffects_begin 
(node_modules/react-dom/cjs/react-dom.development.js:24917:7)
      at commitPassiveMountEffects 
(node_modules/react-dom/cjs/react-dom.development.js:24905:3)
      at flushPassiveEffectsImpl 
(node_modules/react-dom/cjs/react-dom.development.js:27078:3)
      at flushPassiveEffects 
(node_modules/react-dom/cjs/react-dom.development.js:27023:14)
      at node_modules/react-dom/cjs/react-dom.development.js:26808:9
      at flushActQueue (node_modules/react/cjs/react.development.js:2667:24)
      at act (node_modules/react/cjs/react.development.js:2582:11)
      at actWithWarning 
(node_modules/react-dom/cjs/react-dom-test-utils.development.js:1740:10)
      at node_modules/@testing-library/react/dist/act-compat.js:63:25
      at renderRoot (node_modules/@testing-library/react/dist/pure.js:159:26)
      at render (node_modules/@testing-library/react/dist/pure.js:246:10)
      at Object.<anonymous> (src/tests/MyAttendancePage.test.tsx:42:33)

FAIL src/tests/AttendancePage.test.tsx
  ÔùÅ Console

    console.warn
      ÔÜá´©Å React Router Future Flag Warning: React Router will begin 
wrapping state updates in `React.startTransition` in v7. You can use the 
`v7_startTransition` future flag to opt-in early. For more information, see 
https://reactrouter.com/v6/upgrading/future#v7_starttransition.

    [0m [90m 43 |[39m
     [90m 44 |[39m   it([32m'renders without crashing'[39m[33m,[39m () 
[33m=>[39m {
    [31m[1m>[22m[39m[90m 45 |[39m     [36mconst[39m { container } 
[33m=[39m render(
     [90m    |[39m                                 [31m[1m^[22m[39m
     [90m 46 |[39m       [33m<[39m[33mBrowserRouter[39m[33m>[39m
     [90m 47 |[39m         [33m<[39m[33mAttendancePage[39m 
[33m/[39m[33m>[39m
     [90m 48 |[39m       
[33m<[39m[33m/[39m[33mBrowserRouter[39m[33m>[39m[0m

      at warnOnce (node_modules/react-router/lib/deprecations.ts:9:13)
      at logDeprecation (node_modules/react-router/lib/deprecations.ts:14:3)
      at Object.logV6DeprecationWarnings [as UNSAFE_logV6DeprecationWarnings] 
(node_modules/react-router/lib/deprecations.ts:26:5)
      at node_modules/react-router-dom/index.tsx:816:25
      at commitHookEffectListMount 
(node_modules/react-dom/cjs/react-dom.development.js:23189:26)
      at commitPassiveMountOnFiber 
(node_modules/react-dom/cjs/react-dom.development.js:24970:11)
      at commitPassiveMountEffects_complete 
(node_modules/react-dom/cjs/react-dom.development.js:24930:9)
      at commitPassiveMountEffects_begin 
(node_modules/react-dom/cjs/react-dom.development.js:24917:7)
      at commitPassiveMountEffects 
(node_modules/react-dom/cjs/react-dom.development.js:24905:3)
      at flushPassiveEffectsImpl 
(node_modules/react-dom/cjs/react-dom.development.js:27078:3)
      at flushPassiveEffects 
(node_modules/react-dom/cjs/react-dom.development.js:27023:14)
      at node_modules/react-dom/cjs/react-dom.development.js:26808:9
      at flushActQueue (node_modules/react/cjs/react.development.js:2667:24)
      at act (node_modules/react/cjs/react.development.js:2582:11)
      at actWithWarning 
(node_modules/react-dom/cjs/react-dom-test-utils.development.js:1740:10)
      at node_modules/@testing-library/react/dist/act-compat.js:63:25
      at renderRoot (node_modules/@testing-library/react/dist/pure.js:159:26)
      at render (node_modules/@testing-library/react/dist/pure.js:246:10)
      at Object.<anonymous> (src/tests/AttendancePage.test.tsx:45:33)

    console.warn
      ÔÜá´©Å React Router Future Flag Warning: Relative route resolution 
within Splat routes is changing in v7. You can use the `v7_relativeSplatPath` 
future flag to opt-in early. For more information, see 
https://reactrouter.com/v6/upgrading/future#v7_relativesplatpath.

    [0m [90m 43 |[39m
     [90m 44 |[39m   it([32m'renders without crashing'[39m[33m,[39m () 
[33m=>[39m {
    [31m[1m>[22m[39m[90m 45 |[39m     [36mconst[39m { container } 
[33m=[39m render(
     [90m    |[39m                                 [31m[1m^[22m[39m
     [90m 46 |[39m       [33m<[39m[33mBrowserRouter[39m[33m>[39m
     [90m 47 |[39m         [33m<[39m[33mAttendancePage[39m 
[33m/[39m[33m>[39m
     [90m 48 |[39m       
[33m<[39m[33m/[39m[33mBrowserRouter[39m[33m>[39m[0m

      at warnOnce (node_modules/react-router/lib/deprecations.ts:9:13)
      at logDeprecation (node_modules/react-router/lib/deprecations.ts:14:3)
      at Object.logV6DeprecationWarnings [as UNSAFE_logV6DeprecationWarnings] 
(node_modules/react-router/lib/deprecations.ts:37:5)
      at node_modules/react-router-dom/index.tsx:816:25
      at commitHookEffectListMount 
(node_modules/react-dom/cjs/react-dom.development.js:23189:26)
      at commitPassiveMountOnFiber 
(node_modules/react-dom/cjs/react-dom.development.js:24970:11)
      at commitPassiveMountEffects_complete 
(node_modules/react-dom/cjs/react-dom.development.js:24930:9)
      at commitPassiveMountEffects_begin 
(node_modules/react-dom/cjs/react-dom.development.js:24917:7)
      at commitPassiveMountEffects 
(node_modules/react-dom/cjs/react-dom.development.js:24905:3)
      at flushPassiveEffectsImpl 
(node_modules/react-dom/cjs/react-dom.development.js:27078:3)
      at flushPassiveEffects 
(node_modules/react-dom/cjs/react-dom.development.js:27023:14)
      at node_modules/react-dom/cjs/react-dom.development.js:26808:9
      at flushActQueue (node_modules/react/cjs/react.development.js:2667:24)
      at act (node_modules/react/cjs/react.development.js:2582:11)
      at actWithWarning 
(node_modules/react-dom/cjs/react-dom-test-utils.development.js:1740:10)
      at node_modules/@testing-library/react/dist/act-compat.js:63:25
      at renderRoot (node_modules/@testing-library/react/dist/pure.js:159:26)
      at render (node_modules/@testing-library/react/dist/pure.js:246:10)
      at Object.<anonymous> (src/tests/AttendancePage.test.tsx:45:33)

  ÔùÅ AttendancePage Component ÔÇ║ renders form elements

    expect(received).toBeTruthy()

    Received: 0

    [0m [90m 77 |[39m     )[33m;[39m
     [90m 78 |[39m     [36mconst[39m form [33m=[39m 
container[33m.[39mquerySelector([32m'form'[39m) [33m||[39m 
container[33m.[39mquerySelector([32m'[role="form"]'[39m)[33m;[39m
    [31m[1m>[22m[39m[90m 79 |[39m     expect(form [33m||[39m container
[33m.[39mquerySelectorAll([32m'button'[39m)[33m.[39mlength)[33m.[39mtoBe
Truthy()[33m;[39m
     [90m    |[39m                                                           
      [31m[1m^[22m[39m
     [90m 80 |[39m   })[33m;[39m
     [90m 81 |[39m
     [90m 82 |[39m   it([32m'handles multiple student 
records'[39m[33m,[39m () [33m=>[39m {[0m

      at Object.<anonymous> (src/tests/AttendancePage.test.tsx:79:65)

PASS src/tests/AttendanceReportsPage.test.tsx
  ÔùÅ Console

    console.warn
      ÔÜá´©Å React Router Future Flag Warning: React Router will begin 
wrapping state updates in `React.startTransition` in v7. You can use the 
`v7_startTransition` future flag to opt-in early. For more information, see 
https://reactrouter.com/v6/upgrading/future#v7_starttransition.

    [0m [90m 34 |[39m
     [90m 35 |[39m   it([32m'renders without crashing'[39m[33m,[39m () 
[33m=>[39m {
    [31m[1m>[22m[39m[90m 36 |[39m     [36mconst[39m { container } 
[33m=[39m render(
     [90m    |[39m                                 [31m[1m^[22m[39m
     [90m 37 |[39m       [33m<[39m[33mBrowserRouter[39m[33m>[39m
     [90m 38 |[39m         [33m<[39m[33mAttendanceReportsPage[39m 
[33m/[39m[33m>[39m
     [90m 39 |[39m       
[33m<[39m[33m/[39m[33mBrowserRouter[39m[33m>[39m[0m

      at warnOnce (node_modules/react-router/lib/deprecations.ts:9:13)
      at logDeprecation (node_modules/react-router/lib/deprecations.ts:14:3)
      at Object.logV6DeprecationWarnings [as UNSAFE_logV6DeprecationWarnings] 
(node_modules/react-router/lib/deprecations.ts:26:5)
      at node_modules/react-router-dom/index.tsx:816:25
      at commitHookEffectListMount 
(node_modules/react-dom/cjs/react-dom.development.js:23189:26)
      at commitPassiveMountOnFiber 
(node_modules/react-dom/cjs/react-dom.development.js:24970:11)
      at commitPassiveMountEffects_complete 
(node_modules/react-dom/cjs/react-dom.development.js:24930:9)
      at commitPassiveMountEffects_begin 
(node_modules/react-dom/cjs/react-dom.development.js:24917:7)
      at commitPassiveMountEffects 
(node_modules/react-dom/cjs/react-dom.development.js:24905:3)
      at flushPassiveEffectsImpl 
(node_modules/react-dom/cjs/react-dom.development.js:27078:3)
      at flushPassiveEffects 
(node_modules/react-dom/cjs/react-dom.development.js:27023:14)
      at node_modules/react-dom/cjs/react-dom.development.js:26808:9
      at flushActQueue (node_modules/react/cjs/react.development.js:2667:24)
      at act (node_modules/react/cjs/react.development.js:2582:11)
      at actWithWarning 
(node_modules/react-dom/cjs/react-dom-test-utils.development.js:1740:10)
      at node_modules/@testing-library/react/dist/act-compat.js:63:25
      at renderRoot (node_modules/@testing-library/react/dist/pure.js:159:26)
      at render (node_modules/@testing-library/react/dist/pure.js:246:10)
      at Object.<anonymous> (src/tests/AttendanceReportsPage.test.tsx:36:33)

    console.warn
      ÔÜá´©Å React Router Future Flag Warning: Relative route resolution 
within Splat routes is changing in v7. You can use the `v7_relativeSplatPath` 
future flag to opt-in early. For more information, see 
https://reactrouter.com/v6/upgrading/future#v7_relativesplatpath.

    [0m [90m 34 |[39m
     [90m 35 |[39m   it([32m'renders without crashing'[39m[33m,[39m () 
[33m=>[39m {
    [31m[1m>[22m[39m[90m 36 |[39m     [36mconst[39m { container } 
[33m=[39m render(
     [90m    |[39m                                 [31m[1m^[22m[39m
     [90m 37 |[39m       [33m<[39m[33mBrowserRouter[39m[33m>[39m
     [90m 38 |[39m         [33m<[39m[33mAttendanceReportsPage[39m 
[33m/[39m[33m>[39m
     [90m 39 |[39m       
[33m<[39m[33m/[39m[33mBrowserRouter[39m[33m>[39m[0m

      at warnOnce (node_modules/react-router/lib/deprecations.ts:9:13)
      at logDeprecation (node_modules/react-router/lib/deprecations.ts:14:3)
      at Object.logV6DeprecationWarnings [as UNSAFE_logV6DeprecationWarnings] 
(node_modules/react-router/lib/deprecations.ts:37:5)
      at node_modules/react-router-dom/index.tsx:816:25
      at commitHookEffectListMount 
(node_modules/react-dom/cjs/react-dom.development.js:23189:26)
      at commitPassiveMountOnFiber 
(node_modules/react-dom/cjs/react-dom.development.js:24970:11)
      at commitPassiveMountEffects_complete 
(node_modules/react-dom/cjs/react-dom.development.js:24930:9)
      at commitPassiveMountEffects_begin 
(node_modules/react-dom/cjs/react-dom.development.js:24917:7)
      at commitPassiveMountEffects 
(node_modules/react-dom/cjs/react-dom.development.js:24905:3)
      at flushPassiveEffectsImpl 
(node_modules/react-dom/cjs/react-dom.development.js:27078:3)
      at flushPassiveEffects 
(node_modules/react-dom/cjs/react-dom.development.js:27023:14)
      at node_modules/react-dom/cjs/react-dom.development.js:26808:9
      at flushActQueue (node_modules/react/cjs/react.development.js:2667:24)
      at act (node_modules/react/cjs/react.development.js:2582:11)
      at actWithWarning 
(node_modules/react-dom/cjs/react-dom-test-utils.development.js:1740:10)
      at node_modules/@testing-library/react/dist/act-compat.js:63:25
      at renderRoot (node_modules/@testing-library/react/dist/pure.js:159:26)
      at render (node_modules/@testing-library/react/dist/pure.js:246:10)
      at Object.<anonymous> (src/tests/AttendanceReportsPage.test.tsx:36:33)

PASS src/App.test.tsx
  ÔùÅ Console

    console.error
      Warning: `ReactDOMTestUtils.act` is deprecated in favor of `React.act`. 
Import `act` from `react` instead of `react-dom/test-utils`. See 
https://react.dev/warnings/react-dom-test-utils for more info.

    [0m [90m 4 |[39m
     [90m 5 |[39m test([32m'renders app without crashing'[39m[33m,[39m 
() [33m=>[39m {
    [31m[1m>[22m[39m[90m 6 |[39m   [36mconst[39m { container } 
[33m=[39m render([33m<[39m[33mApp[39m [33m/[39m[33m>[39m)[33m;[39m
     [90m   |[39m                               [31m[1m^[22m[39m
     [90m 7 |[39m   
expect(container)[33m.[39mtoBeInTheDocument()[33m;[39m
     [90m 8 |[39m })[33m;[39m
     [90m 9 |[39m[0m

      at printWarning 
(node_modules/react-dom/cjs/react-dom-test-utils.development.js:71:30)
      at error 
(node_modules/react-dom/cjs/react-dom-test-utils.development.js:45:7)
      at actWithWarning 
(node_modules/react-dom/cjs/react-dom-test-utils.development.js:1736:7)
      at node_modules/@testing-library/react/dist/act-compat.js:63:25
      at renderRoot (node_modules/@testing-library/react/dist/pure.js:159:26)
      at render (node_modules/@testing-library/react/dist/pure.js:246:10)
      at Object.<anonymous> (src/App.test.tsx:6:31)

    console.warn
      ÔÜá´©Å React Router Future Flag Warning: React Router will begin 
wrapping state updates in `React.startTransition` in v7. You can use the 
`v7_startTransition` future flag to opt-in early. For more information, see 
https://reactrouter.com/v6/upgrading/future#v7_starttransition.

    [0m [90m 4 |[39m
     [90m 5 |[39m test([32m'renders app without crashing'[39m[33m,[39m 
() [33m=>[39m {
    [31m[1m>[22m[39m[90m 6 |[39m   [36mconst[39m { container } 
[33m=[39m render([33m<[39m[33mApp[39m [33m/[39m[33m>[39m)[33m;[39m
     [90m   |[39m                               [31m[1m^[22m[39m
     [90m 7 |[39m   
expect(container)[33m.[39mtoBeInTheDocument()[33m;[39m
     [90m 8 |[39m })[33m;[39m
     [90m 9 |[39m[0m

      at warnOnce (node_modules/react-router/lib/deprecations.ts:9:13)
      at logDeprecation (node_modules/react-router/lib/deprecations.ts:14:3)
      at Object.logV6DeprecationWarnings [as UNSAFE_logV6DeprecationWarnings] 
(node_modules/react-router/lib/deprecations.ts:26:5)
      at node_modules/react-router-dom/index.tsx:816:25
      at commitHookEffectListMount 
(node_modules/react-dom/cjs/react-dom.development.js:23189:26)
      at commitPassiveMountOnFiber 
(node_modules/react-dom/cjs/react-dom.development.js:24970:11)
      at commitPassiveMountEffects_complete 
(node_modules/react-dom/cjs/react-dom.development.js:24930:9)
      at commitPassiveMountEffects_begin 
(node_modules/react-dom/cjs/react-dom.development.js:24917:7)
      at commitPassiveMountEffects 
(node_modules/react-dom/cjs/react-dom.development.js:24905:3)
      at flushPassiveEffectsImpl 
(node_modules/react-dom/cjs/react-dom.development.js:27078:3)
      at flushPassiveEffects 
(node_modules/react-dom/cjs/react-dom.development.js:27023:14)
      at node_modules/react-dom/cjs/react-dom.development.js:26808:9
      at flushActQueue (node_modules/react/cjs/react.development.js:2667:24)
      at act (node_modules/react/cjs/react.development.js:2582:11)
      at actWithWarning 
(node_modules/react-dom/cjs/react-dom-test-utils.development.js:1740:10)
      at node_modules/@testing-library/react/dist/act-compat.js:63:25
      at renderRoot (node_modules/@testing-library/react/dist/pure.js:159:26)
      at render (node_modules/@testing-library/react/dist/pure.js:246:10)
      at Object.<anonymous> (src/App.test.tsx:6:31)

    console.warn
      ÔÜá´©Å React Router Future Flag Warning: Relative route resolution 
within Splat routes is changing in v7. You can use the `v7_relativeSplatPath` 
future flag to opt-in early. For more information, see 
https://reactrouter.com/v6/upgrading/future#v7_relativesplatpath.

    [0m [90m 4 |[39m
     [90m 5 |[39m test([32m'renders app without crashing'[39m[33m,[39m 
() [33m=>[39m {
    [31m[1m>[22m[39m[90m 6 |[39m   [36mconst[39m { container } 
[33m=[39m render([33m<[39m[33mApp[39m [33m/[39m[33m>[39m)[33m;[39m
     [90m   |[39m                               [31m[1m^[22m[39m
     [90m 7 |[39m   
expect(container)[33m.[39mtoBeInTheDocument()[33m;[39m
     [90m 8 |[39m })[33m;[39m
     [90m 9 |[39m[0m

      at warnOnce (node_modules/react-router/lib/deprecations.ts:9:13)
      at logDeprecation (node_modules/react-router/lib/deprecations.ts:14:3)
      at Object.logV6DeprecationWarnings [as UNSAFE_logV6DeprecationWarnings] 
(node_modules/react-router/lib/deprecations.ts:37:5)
      at node_modules/react-router-dom/index.tsx:816:25
      at commitHookEffectListMount 
(node_modules/react-dom/cjs/react-dom.development.js:23189:26)
      at commitPassiveMountOnFiber 
(node_modules/react-dom/cjs/react-dom.development.js:24970:11)
      at commitPassiveMountEffects_complete 
(node_modules/react-dom/cjs/react-dom.development.js:24930:9)
      at commitPassiveMountEffects_begin 
(node_modules/react-dom/cjs/react-dom.development.js:24917:7)
      at commitPassiveMountEffects 
(node_modules/react-dom/cjs/react-dom.development.js:24905:3)
      at flushPassiveEffectsImpl 
(node_modules/react-dom/cjs/react-dom.development.js:27078:3)
      at flushPassiveEffects 
(node_modules/react-dom/cjs/react-dom.development.js:27023:14)
      at node_modules/react-dom/cjs/react-dom.development.js:26808:9
      at flushActQueue (node_modules/react/cjs/react.development.js:2667:24)
      at act (node_modules/react/cjs/react.development.js:2582:11)
      at actWithWarning 
(node_modules/react-dom/cjs/react-dom-test-utils.development.js:1740:10)
      at node_modules/@testing-library/react/dist/act-compat.js:63:25
      at renderRoot (node_modules/@testing-library/react/dist/pure.js:159:26)
      at render (node_modules/@testing-library/react/dist/pure.js:246:10)
      at Object.<anonymous> (src/App.test.tsx:6:31)


Test Suites: 1 failed, 3 passed, 4 total
Tests:       1 failed, 45 passed, 46 total
Snapshots:   0 total
Time:        2.932 s
Ran all test suites.
npm error Lifecycle script `test` failed with error:
npm error code 1
npm error path D:\Simple_CB_LMS\Codebegun\lms-saas\client
npm error workspace @lms-saas/client@0.1.0
npm error location D:\Simple_CB_LMS\Codebegun\lms-saas\client
npm error command failed
npm error command C:\WINDOWS\system32\cmd.exe /d /s /c react-scripts test 
--watchAll=false
